DRAM address 0x0x80000000 Initial:[0xdeadbeef], read:[0x80000000] [SUCCESS]
DRAM address 0x0x80000004 Initial:[0x5555aaaa], read:[0x80000004] [SUCCESS]
DRAM address 0x0x80000008 Initial:[0xaaaa5555], read:[0x80000008] [SUCCESS]
DRAM address 0x0x8000000c Initial:[0x66669999], read:[0x8000000c] [SUCCESS]
DRAM address 0x0x80000010 Initial:[0x1111bbbb], read:[0x80000010] [SUCCESS]
DRAM address 0x0x80000014 Initial:[0x4444eeee], read:[0x80000014] [SUCCESS]
DRAM address 0x0x80000018 Initial:[0xeeee4444], read:[0x80000018] [SUCCESS]
DRAM address 0x0x8000001c Initial:[0x8888dddd], read:[0x8000001c] [SUCCESS]
DRAM address 0x0x80000020 Initial:[0x1111bbbb], read:[0x80000020] [SUCCESS]
DRAM address 0x0x80000024 Initial:[0x4444eeee], read:[0x80000024] [SUCCESS]
DRAM address 0x0x80000028 Initial:[0xeeee4444], read:[0x80000028] [SUCCESS]
DRAM address 0x0x8000002c Initial:[0x8888dddd], read:[0x8000002c] [SUCCESS]
DRAM address 0x0x80000030 Initial:[0x1111bbbb], read:[0x80000030] [SUCCESS]
DRAM address 0x0x80000034 Initial:[0x4444eeee], read:[0x80000034] [SUCCESS]
DRAM address 0x0x80000038 Initial:[0xeeee4444], read:[0x80000038] [SUCCESS]
DRAM address 0x0x8000003c Initial:[0x8888dddd], read:[0x8000003c] [SUCCESS]
DRAM address 0x0x80000040 Initial:[0xfb1c768d], read:[0x80000040] [SUCCESS]
DRAM address 0x0x80000044 Initial:[0xa2ff9e83], read:[0x80000044] [SUCCESS]
DRAM address 0x0x80000048 Initial:[0x6c3cb596], read:[0x80000048] [SUCCESS]
DRAM address 0x0x8000004c Initial:[0x147f79eb], read:[0x8000004c] [SUCCESS]
DRAM address 0x0x80000050 Initial:[0xf3bde2d2], read:[0x80000050] [SUCCESS]
DRAM address 0x0x80000054 Initial:[0xf753eafa], read:[0x80000054] [SUCCESS]
DRAM address 0x0x80000058 Initial:[0xdeee2e54], read:[0x80000058] [SUCCESS]
DRAM address 0x0x8000005c Initial:[0x3effa2c5], read:[0x8000005c] [SUCCESS]
DRAM address 0x0x80000060 Initial:[0x7f7eafcc], read:[0x80000060] [SUCCESS]
DRAM address 0x0x80000064 Initial:[0xfc97baed], read:[0x80000064] [SUCCESS]
DRAM address 0x0x80000068 Initial:[0xfc6628aa], read:[0x80000068] [SUCCESS]
DRAM address 0x0x8000006c Initial:[0xec9a642b], read:[0x8000006c] [SUCCESS]
DRAM address 0x0x80000070 Initial:[0xc6b978b9], read:[0x80000070] [SUCCESS]
DRAM address 0x0x80000074 Initial:[0x9af863ae], read:[0x80000074] [SUCCESS]
DRAM address 0x0x80000078 Initial:[0x316feb7f], read:[0x80000078] [SUCCESS]
DRAM address 0x0x8000007c Initial:[0xb73fd6ff], read:[0x8000007c] [SUCCESS]
DRAM address 0x0x80000080 Initial:[0x6bdfe9b4], read:[0x80000080] [SUCCESS]
DRAM address 0x0x80000084 Initial:[0x806effff], read:[0x80000084] [SUCCESS]
DRAM address 0x0x80000088 Initial:[0xf599ff9e], read:[0x80000088] [SUCCESS]
DRAM address 0x0x8000008c Initial:[0xf7fb77fd], read:[0x8000008c] [SUCCESS]
DRAM address 0x0x80000090 Initial:[0xabecb656], read:[0x80000090] [SUCCESS]
DRAM address 0x0x80000094 Initial:[0xc5979a79], read:[0x80000094] [SUCCESS]
DRAM address 0x0x80000098 Initial:[0x81b7ee2f], read:[0x80000098] [SUCCESS]
DRAM address 0x0x8000009c Initial:[0xbd35ee8c], read:[0x8000009c] [SUCCESS]
DRAM address 0x0x800000a0 Initial:[0x15ecad0a], read:[0x800000a0] [SUCCESS]
DRAM address 0x0x800000a4 Initial:[0x7dbd3f7f], read:[0x800000a4] [SUCCESS]
DRAM address 0x0x800000a8 Initial:[0xff0dcfff], read:[0x800000a8] [SUCCESS]
DRAM address 0x0x800000ac Initial:[0x9fd347dc], read:[0x800000ac] [SUCCESS]
DRAM address 0x0x800000b0 Initial:[0xbeade30b], read:[0x800000b0] [SUCCESS]
DRAM address 0x0x800000b4 Initial:[0xfffeff18], read:[0x800000b4] [SUCCESS]
DRAM address 0x0x800000b8 Initial:[0xe7aeef57], read:[0x800000b8] [SUCCESS]
DRAM address 0x0x800000bc Initial:[0x6f8e7b0e], read:[0x800000bc] [SUCCESS]
DRAM address 0x0x800000c0 Initial:[0x5d87ffe3], read:[0x800000c0] [SUCCESS]
DRAM address 0x0x800000c4 Initial:[0xd3a7de29], read:[0x800000c4] [SUCCESS]
DRAM address 0x0x800000c8 Initial:[0xcda3e733], read:[0x800000c8] [SUCCESS]
DRAM address 0x0x800000cc Initial:[0x7b972e7a], read:[0x800000cc] [SUCCESS]
DRAM address 0x0x800000d0 Initial:[0x7b3f06fb], read:[0x800000d0] [SUCCESS]
DRAM address 0x0x800000d4 Initial:[0x8cefaebf], read:[0x800000d4] [SUCCESS]
DRAM address 0x0x800000d8 Initial:[0xabef713b], read:[0x800000d8] [SUCCESS]
DRAM address 0x0x800000dc Initial:[0xad1e2099], read:[0x800000dc] [SUCCESS]
DRAM address 0x0x800000e0 Initial:[0x67b435d7], read:[0x800000e0] [SUCCESS]
DRAM address 0x0x800000e4 Initial:[0xf7baff77], read:[0x800000e4] [SUCCESS]
DRAM address 0x0x800000e8 Initial:[0xbba2dbd5], read:[0x800000e8] [SUCCESS]
DRAM address 0x0x800000ec Initial:[0xfd4d7aef], read:[0x800000ec] [SUCCESS]
DRAM address 0x0x800000f0 Initial:[0xc8d5bdb7], read:[0x800000f0] [SUCCESS]
DRAM address 0x0x800000f4 Initial:[0xc96ff4f9], read:[0x800000f4] [SUCCESS]
DRAM address 0x0x800000f8 Initial:[0xededfbe0], read:[0x800000f8] [SUCCESS]
DRAM address 0x0x800000fc Initial:[0xdce97fb1], read:[0x800000fc] [SUCCESS]
DRAM address 0x0x80000100 Initial:[0xee795967], read:[0x80000100] [SUCCESS]
DRAM address 0x0x80000104 Initial:[0x2319bfe], read:[0x80000104] [SUCCESS]
DRAM address 0x0x80000108 Initial:[0xf2feffde], read:[0x80000108] [SUCCESS]
DRAM address 0x0x8000010c Initial:[0x61ce7bfd], read:[0x8000010c] [SUCCESS]
DRAM address 0x0x80000110 Initial:[0xba77d4ea], read:[0x80000110] [SUCCESS]
DRAM address 0x0x80000114 Initial:[0x9becbfc7], read:[0x80000114] [SUCCESS]
DRAM address 0x0x80000118 Initial:[0x72f9dea7], read:[0x80000118] [SUCCESS]
DRAM address 0x0x8000011c Initial:[0xead5fdb5], read:[0x8000011c] [SUCCESS]
DRAM address 0x0x80000120 Initial:[0xd16baffa], read:[0x80000120] [SUCCESS]
DRAM address 0x0x80000124 Initial:[0xbc705cf7], read:[0x80000124] [SUCCESS]
DRAM address 0x0x80000128 Initial:[0x336afef2], read:[0x80000128] [SUCCESS]
DRAM address 0x0x8000012c Initial:[0xf7fb7bbe], read:[0x8000012c] [SUCCESS]
DRAM address 0x0x80000130 Initial:[0x8ddbbf2a], read:[0x80000130] [SUCCESS]
DRAM address 0x0x80000134 Initial:[0x7ff16b5e], read:[0x80000134] [SUCCESS]
DRAM address 0x0x80000138 Initial:[0xee86bf76], read:[0x80000138] [SUCCESS]
DRAM address 0x0x8000013c Initial:[0x7bc3ed77], read:[0x8000013c] [SUCCESS]
DRAM address 0x0x80000140 Initial:[0x95f4cb33], read:[0x80000140] [SUCCESS]
DRAM address 0x0x80000144 Initial:[0xf6ebdc66], read:[0x80000144] [SUCCESS]
DRAM address 0x0x80000148 Initial:[0x9e8fe0f6], read:[0x80000148] [SUCCESS]
DRAM address 0x0x8000014c Initial:[0x8eb3afba], read:[0x8000014c] [SUCCESS]
DRAM address 0x0x80000150 Initial:[0x4e3afa5b], read:[0x80000150] [SUCCESS]
DRAM address 0x0x80000154 Initial:[0x7b31bdff], read:[0x80000154] [SUCCESS]
DRAM address 0x0x80000158 Initial:[0xab6f2f9d], read:[0x80000158] [SUCCESS]
DRAM address 0x0x8000015c Initial:[0xcb79bbdd], read:[0x8000015c] [SUCCESS]
DRAM address 0x0x80000160 Initial:[0x7cbd6efc], read:[0x80000160] [SUCCESS]
DRAM address 0x0x80000164 Initial:[0xea9fefd3], read:[0x80000164] [SUCCESS]
DRAM address 0x0x80000168 Initial:[0x9fdd81f5], read:[0x80000168] [SUCCESS]
DRAM address 0x0x8000016c Initial:[0xbbf75aea], read:[0x8000016c] [SUCCESS]
DRAM address 0x0x80000170 Initial:[0xf5e9f6f9], read:[0x80000170] [SUCCESS]
DRAM address 0x0x80000174 Initial:[0xecfedaaf], read:[0x80000174] [SUCCESS]
DRAM address 0x0x80000178 Initial:[0x5acb6cff], read:[0x80000178] [SUCCESS]
DRAM address 0x0x8000017c Initial:[0xbdf2faea], read:[0x8000017c] [SUCCESS]
DRAM address 0x0x80000180 Initial:[0xec1eeaee], read:[0x80000180] [SUCCESS]
DRAM address 0x0x80000184 Initial:[0xfad35743], read:[0x80000184] [SUCCESS]
DRAM address 0x0x80000188 Initial:[0xd0dcace6], read:[0x80000188] [SUCCESS]
DRAM address 0x0x8000018c Initial:[0xaffbfd29], read:[0x8000018c] [SUCCESS]
DRAM address 0x0x80000190 Initial:[0x7f3c3b64], read:[0x80000190] [SUCCESS]
DRAM address 0x0x80000194 Initial:[0xb8baae7c], read:[0x80000194] [SUCCESS]
DRAM address 0x0x80000198 Initial:[0xfaf77d6b], read:[0x80000198] [SUCCESS]
DRAM address 0x0x8000019c Initial:[0xf95ff682], read:[0x8000019c] [SUCCESS]
DRAM address 0x0x800001a0 Initial:[0xbe7f1bad], read:[0x800001a0] [SUCCESS]
DRAM address 0x0x800001a4 Initial:[0x571c2fbf], read:[0x800001a4] [SUCCESS]
DRAM address 0x0x800001a8 Initial:[0xf7bbeea6], read:[0x800001a8] [SUCCESS]
DRAM address 0x0x800001ac Initial:[0x995f3bab], read:[0x800001ac] [SUCCESS]
DRAM address 0x0x800001b0 Initial:[0xe6bf727f], read:[0x800001b0] [SUCCESS]
DRAM address 0x0x800001b4 Initial:[0x6edbd1c4], read:[0x800001b4] [SUCCESS]
DRAM address 0x0x800001b8 Initial:[0xf6af070f], read:[0x800001b8] [SUCCESS]
DRAM address 0x0x800001bc Initial:[0x5dff74ce], read:[0x800001bc] [SUCCESS]
DRAM address 0x0x800001c0 Initial:[0x486df4fd], read:[0x800001c0] [SUCCESS]
DRAM address 0x0x800001c4 Initial:[0x196f5f3b], read:[0x800001c4] [SUCCESS]
DRAM address 0x0x800001c8 Initial:[0xc584bed4], read:[0x800001c8] [SUCCESS]
DRAM address 0x0x800001cc Initial:[0x533c98f2], read:[0x800001cc] [SUCCESS]
DRAM address 0x0x800001d0 Initial:[0xcef7c77a], read:[0x800001d0] [SUCCESS]
DRAM address 0x0x800001d4 Initial:[0x77f24f7d], read:[0x800001d4] [SUCCESS]
DRAM address 0x0x800001d8 Initial:[0x3dff55fe], read:[0x800001d8] [SUCCESS]
DRAM address 0x0x800001dc Initial:[0xf9a54c6a], read:[0x800001dc] [SUCCESS]
DRAM address 0x0x800001e0 Initial:[0xe2b7e6fb], read:[0x800001e0] [SUCCESS]
DRAM address 0x0x800001e4 Initial:[0xfe34d3ff], read:[0x800001e4] [SUCCESS]
DRAM address 0x0x800001e8 Initial:[0x2d74c947], read:[0x800001e8] [SUCCESS]
DRAM address 0x0x800001ec Initial:[0xdfec67fd], read:[0x800001ec] [SUCCESS]
DRAM address 0x0x800001f0 Initial:[0xfa8a9632], read:[0x800001f0] [SUCCESS]
DRAM address 0x0x800001f4 Initial:[0x7c5abdd7], read:[0x800001f4] [SUCCESS]
DRAM address 0x0x800001f8 Initial:[0x6a5f798c], read:[0x800001f8] [SUCCESS]
DRAM address 0x0x800001fc Initial:[0x1afeb7d7], read:[0x800001fc] [SUCCESS]
DRAM address 0x0x80000200 Initial:[0xef83bfc7], read:[0x80000200] [SUCCESS]
DRAM address 0x0x80000204 Initial:[0x73cf7db1], read:[0x80000204] [SUCCESS]
DRAM address 0x0x80000208 Initial:[0xa7cfcf9f], read:[0x80000208] [SUCCESS]
DRAM address 0x0x8000020c Initial:[0x4aff7bc9], read:[0x8000020c] [SUCCESS]
DRAM address 0x0x80000210 Initial:[0x5ffb75ae], read:[0x80000210] [SUCCESS]
DRAM address 0x0x80000214 Initial:[0xfdefdbff], read:[0x80000214] [SUCCESS]
DRAM address 0x0x80000218 Initial:[0x7bbd7fa9], read:[0x80000218] [SUCCESS]
DRAM address 0x0x8000021c Initial:[0xffdf7bfe], read:[0x8000021c] [SUCCESS]
DRAM address 0x0x80000220 Initial:[0xea7ca191], read:[0x80000220] [SUCCESS]
DRAM address 0x0x80000224 Initial:[0x5ef1de16], read:[0x80000224] [SUCCESS]
DRAM address 0x0x80000228 Initial:[0xfbf7eb1e], read:[0x80000228] [SUCCESS]
DRAM address 0x0x8000022c Initial:[0xbfc2daee], read:[0x8000022c] [SUCCESS]
DRAM address 0x0x80000230 Initial:[0xa2b94bed], read:[0x80000230] [SUCCESS]
DRAM address 0x0x80000234 Initial:[0xf0b2ffaf], read:[0x80000234] [SUCCESS]
DRAM address 0x0x80000238 Initial:[0xec63bfff], read:[0x80000238] [SUCCESS]
DRAM address 0x0x8000023c Initial:[0x332f97eb], read:[0x8000023c] [SUCCESS]
DRAM address 0x0x80000240 Initial:[0x1bef45f4], read:[0x80000240] [SUCCESS]
DRAM address 0x0x80000244 Initial:[0x7f9f5de7], read:[0x80000244] [SUCCESS]
DRAM address 0x0x80000248 Initial:[0xcef05742], read:[0x80000248] [SUCCESS]
DRAM address 0x0x8000024c Initial:[0xee2f9b6a], read:[0x8000024c] [SUCCESS]
DRAM address 0x0x80000250 Initial:[0xe3be7e94], read:[0x80000250] [SUCCESS]
DRAM address 0x0x80000254 Initial:[0xe7637c78], read:[0x80000254] [SUCCESS]
DRAM address 0x0x80000258 Initial:[0x73ef9b63], read:[0x80000258] [SUCCESS]
DRAM address 0x0x8000025c Initial:[0x5bd3f3ff], read:[0x8000025c] [SUCCESS]
DRAM address 0x0x80000260 Initial:[0xfa985e4f], read:[0x80000260] [SUCCESS]
DRAM address 0x0x80000264 Initial:[0x9afefca9], read:[0x80000264] [SUCCESS]
DRAM address 0x0x80000268 Initial:[0x83bfef91], read:[0x80000268] [SUCCESS]
DRAM address 0x0x8000026c Initial:[0xde1fa683], read:[0x8000026c] [SUCCESS]
DRAM address 0x0x80000270 Initial:[0xb7e15fee], read:[0x80000270] [SUCCESS]
DRAM address 0x0x80000274 Initial:[0xdfc9fe5c], read:[0x80000274] [SUCCESS]
DRAM address 0x0x80000278 Initial:[0xb39e2dfd], read:[0x80000278] [SUCCESS]
DRAM address 0x0x8000027c Initial:[0x795a5afd], read:[0x8000027c] [SUCCESS]
DRAM address 0x0x80000280 Initial:[0x7abfefd7], read:[0x80000280] [SUCCESS]
DRAM address 0x0x80000284 Initial:[0xce3cb7f5], read:[0x80000284] [SUCCESS]
DRAM address 0x0x80000288 Initial:[0xf7fa7884], read:[0x80000288] [SUCCESS]
DRAM address 0x0x8000028c Initial:[0x6c729ed0], read:[0x8000028c] [SUCCESS]
DRAM address 0x0x80000290 Initial:[0xe1462176], read:[0x80000290] [SUCCESS]
DRAM address 0x0x80000294 Initial:[0xfd6fbd72], read:[0x80000294] [SUCCESS]
DRAM address 0x0x80000298 Initial:[0xef437bf4], read:[0x80000298] [SUCCESS]
DRAM address 0x0x8000029c Initial:[0xe1f39aff], read:[0x8000029c] [SUCCESS]
DRAM address 0x0x800002a0 Initial:[0xd4db5afd], read:[0x800002a0] [SUCCESS]
DRAM address 0x0x800002a4 Initial:[0xdbf3ee72], read:[0x800002a4] [SUCCESS]
DRAM address 0x0x800002a8 Initial:[0x7f1f74e7], read:[0x800002a8] [SUCCESS]
DRAM address 0x0x800002ac Initial:[0x3b3fdbf7], read:[0x800002ac] [SUCCESS]
DRAM address 0x0x800002b0 Initial:[0xf41be770], read:[0x800002b0] [SUCCESS]
DRAM address 0x0x800002b4 Initial:[0xd34b462f], read:[0x800002b4] [SUCCESS]
DRAM address 0x0x800002b8 Initial:[0x373b3a19], read:[0x800002b8] [SUCCESS]
DRAM address 0x0x800002bc Initial:[0xfe831e9d], read:[0x800002bc] [SUCCESS]
DRAM address 0x0x800002c0 Initial:[0xf76ff7af], read:[0x800002c0] [SUCCESS]
DRAM address 0x0x800002c4 Initial:[0xffadbcef], read:[0x800002c4] [SUCCESS]
DRAM address 0x0x800002c8 Initial:[0xdbdefb9d], read:[0x800002c8] [SUCCESS]
DRAM address 0x0x800002cc Initial:[0xd6f3fddd], read:[0x800002cc] [SUCCESS]
DRAM address 0x0x800002d0 Initial:[0x2f2ffdbf], read:[0x800002d0] [SUCCESS]
DRAM address 0x0x800002d4 Initial:[0x57a39fcf], read:[0x800002d4] [SUCCESS]
DRAM address 0x0x800002d8 Initial:[0x1d93df09], read:[0x800002d8] [SUCCESS]
DRAM address 0x0x800002dc Initial:[0x573fb4fd], read:[0x800002dc] [SUCCESS]
DRAM address 0x0x800002e0 Initial:[0xeaefeab4], read:[0x800002e0] [SUCCESS]
DRAM address 0x0x800002e4 Initial:[0xf9a2eb86], read:[0x800002e4] [SUCCESS]
DRAM address 0x0x800002e8 Initial:[0x25eb3ffd], read:[0x800002e8] [SUCCESS]
DRAM address 0x0x800002ec Initial:[0xeb5f32bf], read:[0x800002ec] [SUCCESS]
DRAM address 0x0x800002f0 Initial:[0xfebafdfb], read:[0x800002f0] [SUCCESS]
DRAM address 0x0x800002f4 Initial:[0xf93a97cb], read:[0x800002f4] [SUCCESS]
DRAM address 0x0x800002f8 Initial:[0xafe67bf5], read:[0x800002f8] [SUCCESS]
DRAM address 0x0x800002fc Initial:[0xf96980be], read:[0x800002fc] [SUCCESS]
DRAM address 0x0x80000300 Initial:[0x9c67bc7b], read:[0x80000300] [SUCCESS]
DRAM address 0x0x80000304 Initial:[0xf07fa3a7], read:[0x80000304] [SUCCESS]
DRAM address 0x0x80000308 Initial:[0xeb6bcf2c], read:[0x80000308] [SUCCESS]
DRAM address 0x0x8000030c Initial:[0x6e7a42df], read:[0x8000030c] [SUCCESS]
DRAM address 0x0x80000310 Initial:[0xa9d2fb69], read:[0x80000310] [SUCCESS]
DRAM address 0x0x80000314 Initial:[0xedffde4f], read:[0x80000314] [SUCCESS]
DRAM address 0x0x80000318 Initial:[0x5fbb34ea], read:[0x80000318] [SUCCESS]
DRAM address 0x0x8000031c Initial:[0x6b76bb52], read:[0x8000031c] [SUCCESS]
DRAM address 0x0x80000320 Initial:[0xf9bfe86f], read:[0x80000320] [SUCCESS]
DRAM address 0x0x80000324 Initial:[0xc1fd7d65], read:[0x80000324] [SUCCESS]
DRAM address 0x0x80000328 Initial:[0x27ffc79], read:[0x80000328] [SUCCESS]
DRAM address 0x0x8000032c Initial:[0x9b2f5b78], read:[0x8000032c] [SUCCESS]
DRAM address 0x0x80000330 Initial:[0xcf9dfa0f], read:[0x80000330] [SUCCESS]
DRAM address 0x0x80000334 Initial:[0x2bffbf8a], read:[0x80000334] [SUCCESS]
DRAM address 0x0x80000338 Initial:[0x87c7b3e2], read:[0x80000338] [SUCCESS]
DRAM address 0x0x8000033c Initial:[0xb28feefc], read:[0x8000033c] [SUCCESS]
DRAM address 0x0x80000340 Initial:[0xe9bbffe9], read:[0x80000340] [SUCCESS]
DRAM address 0x0x80000344 Initial:[0x54bfe6b9], read:[0x80000344] [SUCCESS]
DRAM address 0x0x80000348 Initial:[0xdf6f15ff], read:[0x80000348] [SUCCESS]
DRAM address 0x0x8000034c Initial:[0x527ee7df], read:[0x8000034c] [SUCCESS]
DRAM address 0x0x80000350 Initial:[0xc98bfff7], read:[0x80000350] [SUCCESS]
DRAM address 0x0x80000354 Initial:[0x43feeeef], read:[0x80000354] [SUCCESS]
DRAM address 0x0x80000358 Initial:[0xe8737ee4], read:[0x80000358] [SUCCESS]
DRAM address 0x0x8000035c Initial:[0xf5e7f6cf], read:[0x8000035c] [SUCCESS]
