Channels: 2
Sample Rate: 44100
Bits per Sample: 16
header size: 1058400

[STARTING TEST]
Starting DMA FFT
[DONE] Waiting Write
mcycle = 12609
minstret = 1917
Starting CPU FFT
mcycle = 191479
minstret = 47101
Finished CPU FFT
Start CPU vs DMA Comparison
[0] [CPU] Real: (44)
[0] [DMA] Real: (287776833536.000000)
[1] [CPU] Real: (-1113)
[1] [DMA] Real: (-4639082496.000000)
[2] [CPU] Real: (-694)
[2] [DMA] Real: (-4568263168.000000)
[3] [CPU] Real: (3182)
[3] [DMA] Real: (-4531202560.000000)
[4] [CPU] Real: (989)
[4] [DMA] Real: (-4498058752.000000)
[5] [CPU] Real: (-2)
[5] [DMA] Real: (-4463276544.000000)
[6] [CPU] Real: (1413)
[6] [DMA] Real: (-4421685248.000000)
[7] [CPU] Real: (593)
[7] [DMA] Real: (-4372599296.000000)
[8] [CPU] Real: (-967)
[8] [DMA] Real: (-4315289600.000000)
[9] [CPU] Real: (67)
[9] [DMA] Real: (-4243329536.000000)
[10] [CPU] Real: (667)
[10] [DMA] Real: (-4152197888.000000)
[11] [CPU] Real: (-14)
[11] [DMA] Real: (-4033428480.000000)
[12] [CPU] Real: (-76)
[12] [DMA] Real: (-3877448960.000000)
[13] [CPU] Real: (1459)
[13] [DMA] Real: (-3659766272.000000)
[14] [CPU] Real: (83)
[14] [DMA] Real: (-3336445952.000000)
[15] [CPU] Real: (-1701)
[15] [DMA] Real: (-2805493248.000000)
[16] [CPU] Real: (229)
[16] [DMA] Real: (-1805791488.000000)
[17] [CPU] Real: (1436)
[17] [DMA] Real: (790892352.000000)
[18] [CPU] Real: (-2965)
[18] [DMA] Real: (21799510016.000000)
[19] [CPU] Real: (932)
[19] [DMA] Real: (-16414653440.000000)
[20] [CPU] Real: (-256)
[20] [DMA] Real: (-9962840064.000000)
[21] [CPU] Real: (-1028)
[21] [DMA] Real: (-8312841216.000000)
[22] [CPU] Real: (-417)
[22] [DMA] Real: (-7589492224.000000)
[23] [CPU] Real: (-1752)
[23] [DMA] Real: (-7222946816.000000)
[24] [CPU] Real: (-2086)
[24] [DMA] Real: (-7032826880.000000)
[25] [CPU] Real: (-28)
[25] [DMA] Real: (-6958935040.000000)
[26] [CPU] Real: (-2756)
[26] [DMA] Real: (-6975874048.000000)
[27] [CPU] Real: (-1490)
[27] [DMA] Real: (-7075086336.000000)
[28] [CPU] Real: (1231)
[28] [DMA] Real: (-7261026304.000000)
[29] [CPU] Real: (-80)
[29] [DMA] Real: (-7551984640.000000)
[30] [CPU] Real: (1939)
[30] [DMA] Real: (-7986164736.000000)
[31] [CPU] Real: (-554)
[31] [DMA] Real: (-8630215680.000000)
[32] [CPU] Real: (-719)
[32] [DMA] Real: (-9612034048.000000)
[33] [CPU] Real: (-935)
[33] [DMA] Real: (-11200422912.000000)
[34] [CPU] Real: (2443)
[34] [DMA] Real: (-14111353856.000000)
[35] [CPU] Real: (-1722)
[35] [DMA] Real: (-20830625792.000000)
[36] [CPU] Real: (-566)
[36] [DMA] Real: (-51381141504.000000)
[37] [CPU] Real: (-1495)
[37] [DMA] Real: (60434759680.000000)
[38] [CPU] Real: (924)
[38] [DMA] Real: (15980874752.000000)
[39] [CPU] Real: (1562)
[39] [DMA] Real: (8192789504.000000)
[40] [CPU] Real: (-2955)
[40] [DMA] Real: (4990416896.000000)
[41] [CPU] Real: (2907)
[41] [DMA] Real: (3254861824.000000)
[42] [CPU] Real: (1999)
[42] [DMA] Real: (2180882944.000000)
[43] [CPU] Real: (-1349)
[43] [DMA] Real: (1453886464.000000)
[44] [CPU] Real: (1567)
[44] [DMA] Real: (930733568.000000)
[45] [CPU] Real: (-1827)
[45] [DMA] Real: (534381568.000000)
[46] [CPU] Real: (-79)
[46] [DMA] Real: (222917632.000000)
[47] [CPU] Real: (1993)
[47] [DMA] Real: (-33199552.000000)
[48] [CPU] Real: (1306)
[48] [DMA] Real: (-255455040.000000)
[49] [CPU] Real: (-360)
[49] [DMA] Real: (-464671744.000000)
[50] [CPU] Real: (1097)
[50] [DMA] Real: (-679923712.000000)
[51] [CPU] Real: (-1481)
[51] [DMA] Real: (-928682880.000000)
[52] [CPU] Real: (178)
[52] [DMA] Real: (-1280827136.000000)
[53] [CPU] Real: (933)
[53] [DMA] Real: (-1920726016.000000)
[54] [CPU] Real: (1872)
[54] [DMA] Real: (-3926523136.000000)
[55] [CPU] Real: (-1290)
[55] [DMA] Real: (19963502592.000000)
[56] [CPU] Real: (-347)
[56] [DMA] Real: (2199973120.000000)
[57] [CPU] Real: (-561)
[57] [DMA] Real: (1009460096.000000)
[58] [CPU] Real: (125)
[58] [DMA] Real: (577893120.000000)
[59] [CPU] Real: (-1460)
[59] [DMA] Real: (354945536.000000)
[60] [CPU] Real: (639)
[60] [DMA] Real: (224996864.000000)
[61] [CPU] Real: (2792)
[61] [DMA] Real: (144869888.000000)
[62] [CPU] Real: (-1079)
[62] [DMA] Real: (95983104.000000)
[63] [CPU] Real: (-616)
[63] [DMA] Real: (67532288.000000)
[64] [CPU] Real: (1943)
[64] [DMA] Real: (58720256.000000)
[65] [CPU] Real: (1768)
[65] [DMA] Real: (67532288.000000)
[66] [CPU] Real: (713)
[66] [DMA] Real: (95983104.000000)
[67] [CPU] Real: (-1244)
[67] [DMA] Real: (144869888.000000)
[68] [CPU] Real: (-991)
[68] [DMA] Real: (224996864.000000)
[69] [CPU] Real: (-890)
[69] [DMA] Real: (354945536.000000)
[70] [CPU] Real: (-993)
[70] [DMA] Real: (577893120.000000)
[71] [CPU] Real: (928)
[71] [DMA] Real: (1009460096.000000)
[72] [CPU] Real: (-2256)
[72] [DMA] Real: (2199973120.000000)
[73] [CPU] Real: (-491)
[73] [DMA] Real: (19963502592.000000)
[74] [CPU] Real: (-1108)
[74] [DMA] Real: (-3926523136.000000)
[75] [CPU] Real: (-1417)
[75] [DMA] Real: (-1920726016.000000)
[76] [CPU] Real: (-596)
[76] [DMA] Real: (-1280827136.000000)
[77] [CPU] Real: (1002)
[77] [DMA] Real: (-928682880.000000)
[78] [CPU] Real: (-635)
[78] [DMA] Real: (-679923712.000000)
[79] [CPU] Real: (-163)
[79] [DMA] Real: (-464671744.000000)
[80] [CPU] Real: (-1347)
[80] [DMA] Real: (-255455040.000000)
[81] [CPU] Real: (-1053)
[81] [DMA] Real: (-33199552.000000)
[82] [CPU] Real: (-665)
[82] [DMA] Real: (222917632.000000)
[83] [CPU] Real: (-173)
[83] [DMA] Real: (534381568.000000)
[84] [CPU] Real: (1451)
[84] [DMA] Real: (930733568.000000)
[85] [CPU] Real: (-1797)
[85] [DMA] Real: (1453886464.000000)
[86] [CPU] Real: (998)
[86] [DMA] Real: (2180882944.000000)
[87] [CPU] Real: (-143)
[87] [DMA] Real: (3254861824.000000)
[88] [CPU] Real: (-647)
[88] [DMA] Real: (4990416896.000000)
[89] [CPU] Real: (-727)
[89] [DMA] Real: (8192789504.000000)
[90] [CPU] Real: (1210)
[90] [DMA] Real: (15980874752.000000)
[91] [CPU] Real: (-838)
[91] [DMA] Real: (60434759680.000000)
[92] [CPU] Real: (-1357)
[92] [DMA] Real: (-51381141504.000000)
[93] [CPU] Real: (1117)
[93] [DMA] Real: (-20830625792.000000)
[94] [CPU] Real: (-1831)
[94] [DMA] Real: (-14111353856.000000)
[95] [CPU] Real: (2198)
[95] [DMA] Real: (-11200422912.000000)
[96] [CPU] Real: (2492)
[96] [DMA] Real: (-9612034048.000000)
[97] [CPU] Real: (-1754)
[97] [DMA] Real: (-8630215680.000000)
[98] [CPU] Real: (1782)
[98] [DMA] Real: (-7986164736.000000)
[99] [CPU] Real: (515)
[99] [DMA] Real: (-7551984640.000000)
[100] [CPU] Real: (59)
[100] [DMA] Real: (-7261026304.000000)
[101] [CPU] Real: (69)
[101] [DMA] Real: (-7075086336.000000)
[102] [CPU] Real: (-227)
[102] [DMA] Real: (-6975874048.000000)
[103] [CPU] Real: (280)
[103] [DMA] Real: (-6958935040.000000)
[104] [CPU] Real: (-615)
[104] [DMA] Real: (-7032826880.000000)
[105] [CPU] Real: (289)
[105] [DMA] Real: (-7222946816.000000)
[106] [CPU] Real: (1139)
[106] [DMA] Real: (-7589492224.000000)
[107] [CPU] Real: (450)
[107] [DMA] Real: (-8312841216.000000)
[108] [CPU] Real: (938)
[108] [DMA] Real: (-9962840064.000000)
[109] [CPU] Real: (2100)
[109] [DMA] Real: (-16414653440.000000)
[110] [CPU] Real: (-1481)
[110] [DMA] Real: (21799510016.000000)
[111] [CPU] Real: (-1461)
[111] [DMA] Real: (790892352.000000)
[112] [CPU] Real: (-280)
[112] [DMA] Real: (-1805791488.000000)
[113] [CPU] Real: (-216)
[113] [DMA] Real: (-2805493248.000000)
[114] [CPU] Real: (178)
[114] [DMA] Real: (-3336445952.000000)
[115] [CPU] Real: (-1742)
[115] [DMA] Real: (-3659766272.000000)
[116] [CPU] Real: (2220)
[116] [DMA] Real: (-3877448960.000000)
[117] [CPU] Real: (-639)
[117] [DMA] Real: (-4033428480.000000)
[118] [CPU] Real: (297)
[118] [DMA] Real: (-4152197888.000000)
[119] [CPU] Real: (-1389)
[119] [DMA] Real: (-4243329536.000000)
[120] [CPU] Real: (880)
[120] [DMA] Real: (-4315289600.000000)
[121] [CPU] Real: (167)
[121] [DMA] Real: (-4372599296.000000)
[122] [CPU] Real: (-276)
[122] [DMA] Real: (-4421685248.000000)
[123] [CPU] Real: (81)
[123] [DMA] Real: (-4463276544.000000)
[124] [CPU] Real: (-480)
[124] [DMA] Real: (-4498058752.000000)
[125] [CPU] Real: (1252)
[125] [DMA] Real: (-4531202560.000000)
[126] [CPU] Real: (1866)
[126] [DMA] Real: (-4568263168.000000)
[127] [CPU] Real: (1829)
[127] [DMA] Real: (-4639082496.000000)
[CPU] Resulting frequency is about 34.375000
[DMA] Resulting frequency is about 873.125000
End CPU vs DMA Comparison
[DONE] Test