Channels: 2
Sample Rate: 44100
Bits per Sample: 16
header size: 1058400

[STARTING TEST]
Starting DMA FFT
[DONE] Waiting Write
mcycle = 11919
minstret = 1739
Starting CPU FFT
mcycle = 195051
minstret = 47101
Finished CPU FFT
Start CPU vs DMA Comparison
[0] [CPU] Real: (44)
[0] [DMA] Real: (287776833536.000000)
[1] [CPU] Real: (-1113)
[1] [DMA] Real: (-4639082496.000000)
[2] [CPU] Real: (1273)
[2] [DMA] Real: (-4568263168.000000)
[3] [CPU] Real: (1000)
[3] [DMA] Real: (-4531202560.000000)
[4] [CPU] Real: (911)
[4] [DMA] Real: (-4498058752.000000)
[5] [CPU] Real: (1697)
[5] [DMA] Real: (-4463276544.000000)
[6] [CPU] Real: (2403)
[6] [DMA] Real: (-4421685248.000000)
[7] [CPU] Real: (1231)
[7] [DMA] Real: (-4372599296.000000)
[8] [CPU] Real: (-1146)
[8] [DMA] Real: (-4315289600.000000)
[9] [CPU] Real: (340)
[9] [DMA] Real: (-4243329536.000000)
[10] [CPU] Real: (854)
[10] [DMA] Real: (-4152197888.000000)
[11] [CPU] Real: (816)
[11] [DMA] Real: (-4033428480.000000)
[12] [CPU] Real: (1395)
[12] [DMA] Real: (-3877448960.000000)
[13] [CPU] Real: (999)
[13] [DMA] Real: (-3659766272.000000)
[14] [CPU] Real: (70)
[14] [DMA] Real: (-3336445952.000000)
[15] [CPU] Real: (-1599)
[15] [DMA] Real: (-2805493248.000000)
[16] [CPU] Real: (-62)
[16] [DMA] Real: (-1805791488.000000)
[17] [CPU] Real: (1536)
[17] [DMA] Real: (790892352.000000)
[18] [CPU] Real: (-799)
[18] [DMA] Real: (21799510016.000000)
[19] [CPU] Real: (2215)
[19] [DMA] Real: (-16414653440.000000)
[20] [CPU] Real: (-334)
[20] [DMA] Real: (-9962840064.000000)
[21] [CPU] Real: (32)
[21] [DMA] Real: (-8312841216.000000)
[22] [CPU] Real: (-39)
[22] [DMA] Real: (-7589492224.000000)
[23] [CPU] Real: (-1697)
[23] [DMA] Real: (-7222946816.000000)
[24] [CPU] Real: (-1873)
[24] [DMA] Real: (-7032826880.000000)
[25] [CPU] Real: (-494)
[25] [DMA] Real: (-6958935040.000000)
[26] [CPU] Real: (-465)
[26] [DMA] Real: (-6975874048.000000)
[27] [CPU] Real: (-1257)
[27] [DMA] Real: (-7075086336.000000)
[28] [CPU] Real: (1477)
[28] [DMA] Real: (-7261026304.000000)
[29] [CPU] Real: (-2032)
[29] [DMA] Real: (-7551984640.000000)
[30] [CPU] Real: (1549)
[30] [DMA] Real: (-7986164736.000000)
[31] [CPU] Real: (-154)
[31] [DMA] Real: (-8630215680.000000)
[32] [CPU] Real: (-673)
[32] [DMA] Real: (-9612034048.000000)
[33] [CPU] Real: (-1160)
[33] [DMA] Real: (-11200422912.000000)
[34] [CPU] Real: (2112)
[34] [DMA] Real: (-14111353856.000000)
[35] [CPU] Real: (-1141)
[35] [DMA] Real: (-20830625792.000000)
[36] [CPU] Real: (-1359)
[36] [DMA] Real: (-51381141504.000000)
[37] [CPU] Real: (59)
[37] [DMA] Real: (60434759680.000000)
[38] [CPU] Real: (41)
[38] [DMA] Real: (15980874752.000000)
[39] [CPU] Real: (732)
[39] [DMA] Real: (8192789504.000000)
[40] [CPU] Real: (-2281)
[40] [DMA] Real: (4990416896.000000)
[41] [CPU] Real: (1864)
[41] [DMA] Real: (3254861824.000000)
[42] [CPU] Real: (474)
[42] [DMA] Real: (2180882944.000000)
[43] [CPU] Real: (-1282)
[43] [DMA] Real: (1453886464.000000)
[44] [CPU] Real: (408)
[44] [DMA] Real: (930733568.000000)
[45] [CPU] Real: (-2128)
[45] [DMA] Real: (534381568.000000)
[46] [CPU] Real: (-570)
[46] [DMA] Real: (222917632.000000)
[47] [CPU] Real: (1405)
[47] [DMA] Real: (-33199552.000000)
[48] [CPU] Real: (1740)
[48] [DMA] Real: (-255455040.000000)
[49] [CPU] Real: (-379)
[49] [DMA] Real: (-464671744.000000)
[50] [CPU] Real: (-1434)
[50] [DMA] Real: (-679923712.000000)
[51] [CPU] Real: (641)
[51] [DMA] Real: (-928682880.000000)
[52] [CPU] Real: (-203)
[52] [DMA] Real: (-1280827136.000000)
[53] [CPU] Real: (1127)
[53] [DMA] Real: (-1920726016.000000)
[54] [CPU] Real: (1834)
[54] [DMA] Real: (-3926523136.000000)
[55] [CPU] Real: (-2534)
[55] [DMA] Real: (19963502592.000000)
[56] [CPU] Real: (253)
[56] [DMA] Real: (2199973120.000000)
[57] [CPU] Real: (-775)
[57] [DMA] Real: (1009460096.000000)
[58] [CPU] Real: (190)
[58] [DMA] Real: (577893120.000000)
[59] [CPU] Real: (-1643)
[59] [DMA] Real: (354945536.000000)
[60] [CPU] Real: (-1662)
[60] [DMA] Real: (224996864.000000)
[61] [CPU] Real: (1058)
[61] [DMA] Real: (144869888.000000)
[62] [CPU] Real: (-1067)
[62] [DMA] Real: (95983104.000000)
[63] [CPU] Real: (-640)
[63] [DMA] Real: (67532288.000000)
[64] [CPU] Real: (1921)
[64] [DMA] Real: (58720256.000000)
[65] [CPU] Real: (1796)
[65] [DMA] Real: (67532288.000000)
[66] [CPU] Real: (17)
[66] [DMA] Real: (95983104.000000)
[67] [CPU] Real: (81)
[67] [DMA] Real: (144869888.000000)
[68] [CPU] Real: (-183)
[68] [DMA] Real: (224996864.000000)
[69] [CPU] Real: (102)
[69] [DMA] Real: (354945536.000000)
[70] [CPU] Real: (286)
[70] [DMA] Real: (577893120.000000)
[71] [CPU] Real: (422)
[71] [DMA] Real: (1009460096.000000)
[72] [CPU] Real: (-1166)
[72] [DMA] Real: (2199973120.000000)
[73] [CPU] Real: (-486)
[73] [DMA] Real: (19963502592.000000)
[74] [CPU] Real: (-1242)
[74] [DMA] Real: (-3926523136.000000)
[75] [CPU] Real: (108)
[75] [DMA] Real: (-1920726016.000000)
[76] [CPU] Real: (-1100)
[76] [DMA] Real: (-1280827136.000000)
[77] [CPU] Real: (940)
[77] [DMA] Real: (-928682880.000000)
[78] [CPU] Real: (-1086)
[78] [DMA] Real: (-679923712.000000)
[79] [CPU] Real: (-752)
[79] [DMA] Real: (-464671744.000000)
[80] [CPU] Real: (-1078)
[80] [DMA] Real: (-255455040.000000)
[81] [CPU] Real: (-1371)
[81] [DMA] Real: (-33199552.000000)
[82] [CPU] Real: (-791)
[82] [DMA] Real: (222917632.000000)
[83] [CPU] Real: (1293)
[83] [DMA] Real: (534381568.000000)
[84] [CPU] Real: (2047)
[84] [DMA] Real: (930733568.000000)
[85] [CPU] Real: (1345)
[85] [DMA] Real: (1453886464.000000)
[86] [CPU] Real: (483)
[86] [DMA] Real: (2180882944.000000)
[87] [CPU] Real: (-874)
[87] [DMA] Real: (3254861824.000000)
[88] [CPU] Real: (-153)
[88] [DMA] Real: (4990416896.000000)
[89] [CPU] Real: (-118)
[89] [DMA] Real: (8192789504.000000)
[90] [CPU] Real: (442)
[90] [DMA] Real: (15980874752.000000)
[91] [CPU] Real: (-706)
[91] [DMA] Real: (60434759680.000000)
[92] [CPU] Real: (-523)
[92] [DMA] Real: (-51381141504.000000)
[93] [CPU] Real: (56)
[93] [DMA] Real: (-20830625792.000000)
[94] [CPU] Real: (-1711)
[94] [DMA] Real: (-14111353856.000000)
[95] [CPU] Real: (2146)
[95] [DMA] Real: (-11200422912.000000)
[96] [CPU] Real: (2152)
[96] [DMA] Real: (-9612034048.000000)
[97] [CPU] Real: (-1788)
[97] [DMA] Real: (-8630215680.000000)
[98] [CPU] Real: (1296)
[98] [DMA] Real: (-7986164736.000000)
[99] [CPU] Real: (202)
[99] [DMA] Real: (-7551984640.000000)
[100] [CPU] Real: (-69)
[100] [DMA] Real: (-7261026304.000000)
[101] [CPU] Real: (654)
[101] [DMA] Real: (-7075086336.000000)
[102] [CPU] Real: (559)
[102] [DMA] Real: (-6975874048.000000)
[103] [CPU] Real: (215)
[103] [DMA] Real: (-6958935040.000000)
[104] [CPU] Real: (-825)
[104] [DMA] Real: (-7032826880.000000)
[105] [CPU] Real: (281)
[105] [DMA] Real: (-7222946816.000000)
[106] [CPU] Real: (687)
[106] [DMA] Real: (-7589492224.000000)
[107] [CPU] Real: (963)
[107] [DMA] Real: (-8312841216.000000)
[108] [CPU] Real: (733)
[108] [DMA] Real: (-9962840064.000000)
[109] [CPU] Real: (-1832)
[109] [DMA] Real: (-16414653440.000000)
[110] [CPU] Real: (-1457)
[110] [DMA] Real: (21799510016.000000)
[111] [CPU] Real: (-1290)
[111] [DMA] Real: (790892352.000000)
[112] [CPU] Real: (-326)
[112] [DMA] Real: (-1805791488.000000)
[113] [CPU] Real: (-823)
[113] [DMA] Real: (-2805493248.000000)
[114] [CPU] Real: (1211)
[114] [DMA] Real: (-3336445952.000000)
[115] [CPU] Real: (-1275)
[115] [DMA] Real: (-3659766272.000000)
[116] [CPU] Real: (1009)
[116] [DMA] Real: (-3877448960.000000)
[117] [CPU] Real: (-769)
[117] [DMA] Real: (-4033428480.000000)
[118] [CPU] Real: (-677)
[118] [DMA] Real: (-4152197888.000000)
[119] [CPU] Real: (-1561)
[119] [DMA] Real: (-4243329536.000000)
[120] [CPU] Real: (-44)
[120] [DMA] Real: (-4315289600.000000)
[121] [CPU] Real: (-545)
[121] [DMA] Real: (-4372599296.000000)
[122] [CPU] Real: (560)
[122] [DMA] Real: (-4421685248.000000)
[123] [CPU] Real: (-128)
[123] [DMA] Real: (-4463276544.000000)
[124] [CPU] Real: (-85)
[124] [DMA] Real: (-4498058752.000000)
[125] [CPU] Real: (-692)
[125] [DMA] Real: (-4531202560.000000)
[126] [CPU] Real: (1856)
[126] [DMA] Real: (-4568263168.000000)
[127] [CPU] Real: (1947)
[127] [DMA] Real: (-4639082496.000000)
[CPU] Resulting frequency is about 151.250000
[DMA] Resulting frequency is about 873.125000
End CPU vs DMA Comparison
[DONE] Test