[STARTING TEST]
Starting DMA FFT on input: B3_samples_128
[DONE] DMA FFT Transformation Complete
@ mcycle = 30407
@ minstret = 3618
[0] [DMA] Imag: (-2557), Real: (44)
[1] [DMA] Imag: (7), Real: (-1113)
[2] [DMA] Imag: (-180), Real: (1160)
[3] [DMA] Imag: (1985), Real: (908)
[4] [DMA] Imag: (420), Real: (1109)
[5] [DMA] Imag: (-1564), Real: (1909)
[6] [DMA] Imag: (1504), Real: (2088)
[7] [DMA] Imag: (-849), Real: (931)
[8] [DMA] Imag: (1812), Real: (-1308)
[9] [DMA] Imag: (-1824), Real: (170)
[10] [DMA] Imag: (2141), Real: (1133)
[11] [DMA] Imag: (-254), Real: (1074)
[12] [DMA] Imag: (1253), Real: (1312)
[13] [DMA] Imag: (-3627), Real: (896)
[14] [DMA] Imag: (1240), Real: (271)
[15] [DMA] Imag: (-1730), Real: (-1407)
[16] [DMA] Imag: (1455), Real: (-55)
[17] [DMA] Imag: (-835), Real: (1450)
[18] [DMA] Imag: (4805), Real: (-1041)
[19] [DMA] Imag: (-86), Real: (1510)
[20] [DMA] Imag: (685), Real: (-540)
[21] [DMA] Imag: (-1116), Real: (-567)
[22] [DMA] Imag: (352), Real: (-19)
[23] [DMA] Imag: (330), Real: (-1939)
[24] [DMA] Imag: (-307), Real: (-1799)
[25] [DMA] Imag: (-120), Real: (-158)
[26] [DMA] Imag: (697), Real: (-354)
[27] [DMA] Imag: (900), Real: (-754)
[28] [DMA] Imag: (1239), Real: (1759)
[29] [DMA] Imag: (6967), Real: (-1287)
[30] [DMA] Imag: (796), Real: (1503)
[31] [DMA] Imag: (-1367), Real: (-108)
[32] [DMA] Imag: (516), Real: (-633)
[33] [DMA] Imag: (80), Real: (-1151)
[34] [DMA] Imag: (2540), Real: (1811)
[35] [DMA] Imag: (-569), Real: (-1759)
[36] [DMA] Imag: (-3776), Real: (-1354)
[37] [DMA] Imag: (-277), Real: (-182)
[38] [DMA] Imag: (62), Real: (-176)
[39] [DMA] Imag: (-1211), Real: (313)
[40] [DMA] Imag: (-1728), Real: (-2380)
[41] [DMA] Imag: (970), Real: (1915)
[42] [DMA] Imag: (-997), Real: (794)
[43] [DMA] Imag: (2638), Real: (-682)
[44] [DMA] Imag: (-92), Real: (574)
[45] [DMA] Imag: (-1862), Real: (-1658)
[46] [DMA] Imag: (1332), Real: (-499)
[47] [DMA] Imag: (-1514), Real: (1568)
[48] [DMA] Imag: (1602), Real: (1645)
[49] [DMA] Imag: (-1476), Real: (-575)
[50] [DMA] Imag: (-2317), Real: (-1411)
[51] [DMA] Imag: (1128), Real: (330)
[52] [DMA] Imag: (-1556), Real: (-456)
[53] [DMA] Imag: (233), Real: (567)
[54] [DMA] Imag: (-130), Real: (2033)
[55] [DMA] Imag: (1791), Real: (-2500)
[56] [DMA] Imag: (1129), Real: (472)
[57] [DMA] Imag: (7), Real: (-335)
[58] [DMA] Imag: (66), Real: (15)
[59] [DMA] Imag: (-2406), Real: (-1548)
[60] [DMA] Imag: (1943), Real: (-1507)
[61] [DMA] Imag: (376), Real: (1561)
[62] [DMA] Imag: (-77), Real: (-1125)
[63] [DMA] Imag: (-436), Real: (-662)
[64] [DMA] Imag: (886), Real: (1946)
[65] [DMA] Imag: (-717), Real: (1813)
[66] [DMA] Imag: (1882), Real: (-214)
[67] [DMA] Imag: (2347), Real: (-311)
[68] [DMA] Imag: (1488), Real: (-68)
[69] [DMA] Imag: (-1146), Real: (98)
[70] [DMA] Imag: (-1329), Real: (-8)
[71] [DMA] Imag: (-1581), Real: (20)
[72] [DMA] Imag: (985), Real: (-1315)
[73] [DMA] Imag: (-2211), Real: (-566)
[74] [DMA] Imag: (405), Real: (-909)
[75] [DMA] Imag: (-728), Real: (586)
[76] [DMA] Imag: (582), Real: (-1055)
[77] [DMA] Imag: (-2273), Real: (1136)
[78] [DMA] Imag: (-211), Real: (-942)
[79] [DMA] Imag: (2255), Real: (-554)
[80] [DMA] Imag: (1670), Real: (-1118)
[81] [DMA] Imag: (2331), Real: (-1519)
[82] [DMA] Imag: (-8479), Real: (-916)
[83] [DMA] Imag: (710), Real: (737)
[84] [DMA] Imag: (159), Real: (1790)
[85] [DMA] Imag: (-969), Real: (706)
[86] [DMA] Imag: (-425), Real: (610)
[87] [DMA] Imag: (-998), Real: (-975)
[88] [DMA] Imag: (-999), Real: (7)
[89] [DMA] Imag: (-570), Real: (307)
[90] [DMA] Imag: (-2655), Real: (404)
[91] [DMA] Imag: (1112), Real: (-387)
[92] [DMA] Imag: (-1669), Real: (-276)
[93] [DMA] Imag: (3147), Real: (742)
[94] [DMA] Imag: (251), Real: (-1777)
[95] [DMA] Imag: (-913), Real: (2146)
[96] [DMA] Imag: (1000), Real: (2188)
[97] [DMA] Imag: (-264), Real: (-1815)
[98] [DMA] Imag: (1382), Real: (991)
[99] [DMA] Imag: (2915), Real: (-527)
[100] [DMA] Imag: (1944), Real: (-180)
[101] [DMA] Imag: (2350), Real: (200)
[102] [DMA] Imag: (710), Real: (456)
[103] [DMA] Imag: (980), Real: (-143)
[104] [DMA] Imag: (1046), Real: (-844)
[105] [DMA] Imag: (812), Real: (482)
[106] [DMA] Imag: (403), Real: (926)
[107] [DMA] Imag: (1066), Real: (1569)
[108] [DMA] Imag: (374), Real: (984)
[109] [DMA] Imag: (-6417), Real: (-1165)
[110] [DMA] Imag: (-2410), Real: (-1455)
[111] [DMA] Imag: (-1582), Real: (-1184)
[112] [DMA] Imag: (-2169), Real: (-466)
[113] [DMA] Imag: (-54), Real: (-1030)
[114] [DMA] Imag: (-9), Real: (1378)
[115] [DMA] Imag: (426), Real: (-1297)
[116] [DMA] Imag: (1748), Real: (819)
[117] [DMA] Imag: (-1451), Real: (-1140)
[118] [DMA] Imag: (-2948), Real: (-455)
[119] [DMA] Imag: (-911), Real: (-1425)
[120] [DMA] Imag: (1384), Real: (190)
[121] [DMA] Imag: (1335), Real: (-177)
[122] [DMA] Imag: (1014), Real: (286)
[123] [DMA] Imag: (-2540), Real: (-253)
[124] [DMA] Imag: (-797), Real: (-59)
[125] [DMA] Imag: (324), Real: (-466)
[126] [DMA] Imag: (728), Real: (1826)
[127] [DMA] Imag: (-820), Real: (1928)
[DMA] Resulting frequency is about 481.250000
Starting CPU FFT on input: B3_samples_128
[DONE] CPU FFT Transformation Complete
@ mcycle = 209427
@ minstret = 47101
[0] [CPU] Imag: (0.000000)  Real: (287776833536.000000)
[1] [CPU] Imag: (-64734272.000000)  Real: (-4639082496.000000)
[2] [CPU] Imag: (-116371104.000000)  Real: (-4568263168.000000)
[3] [CPU] Imag: (-167439904.000000)  Real: (-4531202560.000000)
[4] [CPU] Imag: (-218508544.000000)  Real: (-4498058752.000000)
[5] [CPU] Imag: (-268270560.000000)  Real: (-4463276544.000000)
[6] [CPU] Imag: (-316147104.000000)  Real: (-4421685248.000000)
[7] [CPU] Imag: (-362867552.000000)  Real: (-4372599296.000000)
[8] [CPU] Imag: (-410637664.000000)  Real: (-4315289600.000000)
[9] [CPU] Imag: (-455715744.000000)  Real: (-4243329536.000000)
[10] [CPU] Imag: (-499702688.000000)  Real: (-4152197888.000000)
[11] [CPU] Imag: (-543553472.000000)  Real: (-4033428480.000000)
[12] [CPU] Imag: (-585291072.000000)  Real: (-3877448960.000000)
[13] [CPU] Imag: (-625540864.000000)  Real: (-3659766272.000000)
[14] [CPU] Imag: (-664793600.000000)  Real: (-3336445952.000000)
[15] [CPU] Imag: (-704955456.000000)  Real: (-2805493248.000000)
[16] [CPU] Imag: (-740800960.000000)  Real: (-1805791488.000000)
[17] [CPU] Imag: (-776299904.000000)  Real: (790892352.000000)
[18] [CPU] Imag: (-811321600.000000)  Real: (21799510016.000000)
[19] [CPU] Imag: (-867339520.000000)  Real: (-16414653440.000000)
[20] [CPU] Imag: (-896626816.000000)  Real: (-9962840064.000000)
[21] [CPU] Imag: (-924994176.000000)  Real: (-8312841216.000000)
[22] [CPU] Imag: (-949565440.000000)  Real: (-7589492224.000000)
[23] [CPU] Imag: (-973193792.000000)  Real: (-7222946816.000000)
[24] [CPU] Imag: (-991722432.000000)  Real: (-7032826880.000000)
[25] [CPU] Imag: (-1007334656.000000)  Real: (-6958935040.000000)
[26] [CPU] Imag: (-1022419712.000000)  Real: (-6975874048.000000)
[27] [CPU] Imag: (-1033997888.000000)  Real: (-7075086336.000000)
[28] [CPU] Imag: (-1043097856.000000)  Real: (-7261026304.000000)
[29] [CPU] Imag: (-1049838784.000000)  Real: (-7551984640.000000)
[30] [CPU] Imag: (-1054501952.000000)  Real: (-7986164736.000000)
[31] [CPU] Imag: (-1055291776.000000)  Real: (-8630215680.000000)
[32] [CPU] Imag: (-1054089216.000000)  Real: (-9612034048.000000)
[33] [CPU] Imag: (-1053495936.000000)  Real: (-11200422912.000000)
[34] [CPU] Imag: (-1048063296.000000)  Real: (-14111353856.000000)
[35] [CPU] Imag: (-1041920832.000000)  Real: (-20830625792.000000)
[36] [CPU] Imag: (-1031971584.000000)  Real: (-51381141504.000000)
[37] [CPU] Imag: (-1045616064.000000)  Real: (60434759680.000000)
[38] [CPU] Imag: (-1031140352.000000)  Real: (15980874752.000000)
[39] [CPU] Imag: (-1014552448.000000)  Real: (8192789504.000000)
[40] [CPU] Imag: (-993803584.000000)  Real: (4990416896.000000)
[41] [CPU] Imag: (-973475264.000000)  Real: (3254861824.000000)
[42] [CPU] Imag: (-947752576.000000)  Real: (2180882944.000000)
[43] [CPU] Imag: (-919235456.000000)  Real: (1453886464.000000)
[44] [CPU] Imag: (-889142784.000000)  Real: (930733568.000000)
[45] [CPU] Imag: (-857083904.000000)  Real: (534381568.000000)
[46] [CPU] Imag: (-822419200.000000)  Real: (222917632.000000)
[47] [CPU] Imag: (-785744768.000000)  Real: (-33199552.000000)
[48] [CPU] Imag: (-748689856.000000)  Real: (-255455040.000000)
[49] [CPU] Imag: (-707708864.000000)  Real: (-464671744.000000)
[50] [CPU] Imag: (-665494016.000000)  Real: (-679923712.000000)
[51] [CPU] Imag: (-623689984.000000)  Real: (-928682880.000000)
[52] [CPU] Imag: (-580128448.000000)  Real: (-1280827136.000000)
[53] [CPU] Imag: (-535972928.000000)  Real: (-1920726016.000000)
[54] [CPU] Imag: (-489986656.000000)  Real: (-3926523136.000000)
[55] [CPU] Imag: (-467558496.000000)  Real: (19963502592.000000)
[56] [CPU] Imag: (-420361888.000000)  Real: (2199973120.000000)
[57] [CPU] Imag: (-371008672.000000)  Real: (1009460096.000000)
[58] [CPU] Imag: (-319786592.000000)  Real: (577893120.000000)
[59] [CPU] Imag: (-269487136.000000)  Real: (354945536.000000)
[60] [CPU] Imag: (-216830720.000000)  Real: (224996864.000000)
[61] [CPU] Imag: (-162940384.000000)  Real: (144869888.000000)
[62] [CPU] Imag: (-108403040.000000)  Real: (95983104.000000)
[63] [CPU] Imag: (-55031232.000000)  Real: (67532288.000000)
[64] [CPU] Imag: (0.000000)  Real: (58720256.000000)
[65] [CPU] Imag: (55031232.000000)  Real: (67532288.000000)
[66] [CPU] Imag: (108403040.000000)  Real: (95983104.000000)
[67] [CPU] Imag: (162940384.000000)  Real: (144869888.000000)
[68] [CPU] Imag: (216830720.000000)  Real: (224996864.000000)
[69] [CPU] Imag: (269487136.000000)  Real: (354945536.000000)
[70] [CPU] Imag: (319786592.000000)  Real: (577893120.000000)
[71] [CPU] Imag: (371008672.000000)  Real: (1009460096.000000)
[72] [CPU] Imag: (420361888.000000)  Real: (2199973120.000000)
[73] [CPU] Imag: (467558496.000000)  Real: (19963502592.000000)
[74] [CPU] Imag: (489986656.000000)  Real: (-3926523136.000000)
[75] [CPU] Imag: (535972928.000000)  Real: (-1920726016.000000)
[76] [CPU] Imag: (580128448.000000)  Real: (-1280827136.000000)
[77] [CPU] Imag: (623689984.000000)  Real: (-928682880.000000)
[78] [CPU] Imag: (665494016.000000)  Real: (-679923712.000000)
[79] [CPU] Imag: (707708864.000000)  Real: (-464671744.000000)
[80] [CPU] Imag: (748689856.000000)  Real: (-255455040.000000)
[81] [CPU] Imag: (785744768.000000)  Real: (-33199552.000000)
[82] [CPU] Imag: (822419200.000000)  Real: (222917632.000000)
[83] [CPU] Imag: (857083904.000000)  Real: (534381568.000000)
[84] [CPU] Imag: (889142784.000000)  Real: (930733568.000000)
[85] [CPU] Imag: (919235456.000000)  Real: (1453886464.000000)
[86] [CPU] Imag: (947752576.000000)  Real: (2180882944.000000)
[87] [CPU] Imag: (973475264.000000)  Real: (3254861824.000000)
[88] [CPU] Imag: (993803584.000000)  Real: (4990416896.000000)
[89] [CPU] Imag: (1014552448.000000)  Real: (8192789504.000000)
[90] [CPU] Imag: (1031140352.000000)  Real: (15980874752.000000)
[91] [CPU] Imag: (1045616064.000000)  Real: (60434759680.000000)
[92] [CPU] Imag: (1031971584.000000)  Real: (-51381141504.000000)
[93] [CPU] Imag: (1041920832.000000)  Real: (-20830625792.000000)
[94] [CPU] Imag: (1048063296.000000)  Real: (-14111353856.000000)
[95] [CPU] Imag: (1053495936.000000)  Real: (-11200422912.000000)
[96] [CPU] Imag: (1054089216.000000)  Real: (-9612034048.000000)
[97] [CPU] Imag: (1055291776.000000)  Real: (-8630215680.000000)
[98] [CPU] Imag: (1054501952.000000)  Real: (-7986164736.000000)
[99] [CPU] Imag: (1049838784.000000)  Real: (-7551984640.000000)
[100] [CPU] Imag: (1043097856.000000)  Real: (-7261026304.000000)
[101] [CPU] Imag: (1033997888.000000)  Real: (-7075086336.000000)
[102] [CPU] Imag: (1022419712.000000)  Real: (-6975874048.000000)
[103] [CPU] Imag: (1007334656.000000)  Real: (-6958935040.000000)
[104] [CPU] Imag: (991722432.000000)  Real: (-7032826880.000000)
[105] [CPU] Imag: (973193792.000000)  Real: (-7222946816.000000)
[106] [CPU] Imag: (949565440.000000)  Real: (-7589492224.000000)
[107] [CPU] Imag: (924994176.000000)  Real: (-8312841216.000000)
[108] [CPU] Imag: (896626816.000000)  Real: (-9962840064.000000)
[109] [CPU] Imag: (867339520.000000)  Real: (-16414653440.000000)
[110] [CPU] Imag: (811321600.000000)  Real: (21799510016.000000)
[111] [CPU] Imag: (776299904.000000)  Real: (790892352.000000)
[112] [CPU] Imag: (740800960.000000)  Real: (-1805791488.000000)
[113] [CPU] Imag: (704955456.000000)  Real: (-2805493248.000000)
[114] [CPU] Imag: (664793600.000000)  Real: (-3336445952.000000)
[115] [CPU] Imag: (625540864.000000)  Real: (-3659766272.000000)
[116] [CPU] Imag: (585291072.000000)  Real: (-3877448960.000000)
[117] [CPU] Imag: (543553472.000000)  Real: (-4033428480.000000)
[118] [CPU] Imag: (499702688.000000)  Real: (-4152197888.000000)
[119] [CPU] Imag: (455715744.000000)  Real: (-4243329536.000000)
[120] [CPU] Imag: (410637664.000000)  Real: (-4315289600.000000)
[121] [CPU] Imag: (362867552.000000)  Real: (-4372599296.000000)
[122] [CPU] Imag: (316147104.000000)  Real: (-4421685248.000000)
[123] [CPU] Imag: (268270560.000000)  Real: (-4463276544.000000)
[124] [CPU] Imag: (218508544.000000)  Real: (-4498058752.000000)
[125] [CPU] Imag: (167439904.000000)  Real: (-4531202560.000000)
[126] [CPU] Imag: (116371104.000000)  Real: (-4568263168.000000)
[127] [CPU] Imag: (64734272.000000)  Real: (-4639082496.000000)
Resulting frequency is about 0.000000
[DONE TEST]