Channels: 2
Sample Rate: 44100
Bits per Sample: 16
header size: 1058400

[STARTING TEST]
Starting DMA FFT on input: B3_samples_128
[DONE] DMA FFT Transformation Complete
@ mcycle = 28079
@ minstret = 3618
[0] [DMA] Imag: (-2557), Real: (44)
[DMA] Resulting frequency is about 0.000000
[1] [DMA] Imag: (7), Real: (-1113)
[DMA] Resulting frequency is about 6.875000
[2] [DMA] Imag: (-180), Real: (1160)
[DMA] Resulting frequency is about 6.875000
[3] [DMA] Imag: (1985), Real: (908)
[DMA] Resulting frequency is about 6.875000
[4] [DMA] Imag: (420), Real: (1109)
[DMA] Resulting frequency is about 6.875000
[5] [DMA] Imag: (-1564), Real: (1909)
[DMA] Resulting frequency is about 6.875000
[6] [DMA] Imag: (1504), Real: (2088)
[DMA] Resulting frequency is about 6.875000
[7] [DMA] Imag: (-849), Real: (931)
[DMA] Resulting frequency is about 6.875000
[8] [DMA] Imag: (1812), Real: (-1308)
[DMA] Resulting frequency is about 6.875000
[9] [DMA] Imag: (-1824), Real: (170)
[DMA] Resulting frequency is about 6.875000
[10] [DMA] Imag: (2141), Real: (1133)
[DMA] Resulting frequency is about 6.875000
[11] [DMA] Imag: (-254), Real: (1074)
[DMA] Resulting frequency is about 6.875000
[12] [DMA] Imag: (1253), Real: (1312)
[DMA] Resulting frequency is about 6.875000
[13] [DMA] Imag: (-3627), Real: (896)
[DMA] Resulting frequency is about 6.875000
[14] [DMA] Imag: (1240), Real: (271)
[DMA] Resulting frequency is about 6.875000
[15] [DMA] Imag: (-1730), Real: (-1407)
[DMA] Resulting frequency is about 6.875000
[16] [DMA] Imag: (1455), Real: (-55)
[DMA] Resulting frequency is about 110.000000
[17] [DMA] Imag: (-835), Real: (1450)
[DMA] Resulting frequency is about 110.000000
[18] [DMA] Imag: (4805), Real: (-1041)
[DMA] Resulting frequency is about 110.000000
[19] [DMA] Imag: (-86), Real: (1510)
[DMA] Resulting frequency is about 110.000000
[20] [DMA] Imag: (685), Real: (-540)
[DMA] Resulting frequency is about 110.000000
[21] [DMA] Imag: (-1116), Real: (-567)
[DMA] Resulting frequency is about 110.000000
[22] [DMA] Imag: (352), Real: (-19)
[DMA] Resulting frequency is about 151.250000
[23] [DMA] Imag: (330), Real: (-1939)
[DMA] Resulting frequency is about 151.250000
[24] [DMA] Imag: (-307), Real: (-1799)
[DMA] Resulting frequency is about 151.250000
[25] [DMA] Imag: (-120), Real: (-158)
[DMA] Resulting frequency is about 151.250000
[26] [DMA] Imag: (697), Real: (-354)
[DMA] Resulting frequency is about 151.250000
[27] [DMA] Imag: (900), Real: (-754)
[DMA] Resulting frequency is about 151.250000
[28] [DMA] Imag: (1239), Real: (1759)
[DMA] Resulting frequency is about 151.250000
[29] [DMA] Imag: (6967), Real: (-1287)
[DMA] Resulting frequency is about 151.250000
[30] [DMA] Imag: (796), Real: (1503)
[DMA] Resulting frequency is about 151.250000
[31] [DMA] Imag: (-1367), Real: (-108)
[DMA] Resulting frequency is about 151.250000
[32] [DMA] Imag: (516), Real: (-633)
[DMA] Resulting frequency is about 151.250000
[33] [DMA] Imag: (80), Real: (-1151)
[DMA] Resulting frequency is about 151.250000
[34] [DMA] Imag: (2540), Real: (1811)
[DMA] Resulting frequency is about 151.250000
[35] [DMA] Imag: (-569), Real: (-1759)
[DMA] Resulting frequency is about 151.250000
[36] [DMA] Imag: (-3776), Real: (-1354)
[DMA] Resulting frequency is about 151.250000
[37] [DMA] Imag: (-277), Real: (-182)
[DMA] Resulting frequency is about 151.250000
[38] [DMA] Imag: (62), Real: (-176)
[DMA] Resulting frequency is about 151.250000
[39] [DMA] Imag: (-1211), Real: (313)
[DMA] Resulting frequency is about 151.250000
[40] [DMA] Imag: (-1728), Real: (-2380)
[DMA] Resulting frequency is about 151.250000
[41] [DMA] Imag: (970), Real: (1915)
[DMA] Resulting frequency is about 151.250000
[42] [DMA] Imag: (-997), Real: (794)
[DMA] Resulting frequency is about 151.250000
[43] [DMA] Imag: (2638), Real: (-682)
[DMA] Resulting frequency is about 151.250000
[44] [DMA] Imag: (-92), Real: (574)
[DMA] Resulting frequency is about 151.250000
[45] [DMA] Imag: (-1862), Real: (-1658)
[DMA] Resulting frequency is about 151.250000
[46] [DMA] Imag: (1332), Real: (-499)
[DMA] Resulting frequency is about 151.250000
[47] [DMA] Imag: (-1514), Real: (1568)
[DMA] Resulting frequency is about 151.250000
[48] [DMA] Imag: (1602), Real: (1645)
[DMA] Resulting frequency is about 151.250000
[49] [DMA] Imag: (-1476), Real: (-575)
[DMA] Resulting frequency is about 151.250000
[50] [DMA] Imag: (-2317), Real: (-1411)
[DMA] Resulting frequency is about 151.250000
[51] [DMA] Imag: (1128), Real: (330)
[DMA] Resulting frequency is about 151.250000
[52] [DMA] Imag: (-1556), Real: (-456)
[DMA] Resulting frequency is about 151.250000
[53] [DMA] Imag: (233), Real: (567)
[DMA] Resulting frequency is about 151.250000
[54] [DMA] Imag: (-130), Real: (2033)
[DMA] Resulting frequency is about 151.250000
[55] [DMA] Imag: (1791), Real: (-2500)
[DMA] Resulting frequency is about 151.250000
[56] [DMA] Imag: (1129), Real: (472)
[DMA] Resulting frequency is about 151.250000
[57] [DMA] Imag: (7), Real: (-335)
[DMA] Resulting frequency is about 151.250000
[58] [DMA] Imag: (66), Real: (15)
[DMA] Resulting frequency is about 151.250000
[59] [DMA] Imag: (-2406), Real: (-1548)
[DMA] Resulting frequency is about 151.250000
[60] [DMA] Imag: (1943), Real: (-1507)
[DMA] Resulting frequency is about 151.250000
[61] [DMA] Imag: (376), Real: (1561)
[DMA] Resulting frequency is about 151.250000
[62] [DMA] Imag: (-77), Real: (-1125)
[DMA] Resulting frequency is about 151.250000
[63] [DMA] Imag: (-436), Real: (-662)
[DMA] Resulting frequency is about 151.250000
[64] [DMA] Imag: (886), Real: (1946)
[DMA] Resulting frequency is about 151.250000
[65] [DMA] Imag: (-717), Real: (1813)
[DMA] Resulting frequency is about 151.250000
[66] [DMA] Imag: (1882), Real: (-214)
[DMA] Resulting frequency is about 151.250000
[67] [DMA] Imag: (2347), Real: (-311)
[DMA] Resulting frequency is about 151.250000
[68] [DMA] Imag: (1488), Real: (-68)
[DMA] Resulting frequency is about 151.250000
[69] [DMA] Imag: (-1146), Real: (98)
[DMA] Resulting frequency is about 151.250000
[70] [DMA] Imag: (-1329), Real: (-8)
[DMA] Resulting frequency is about 481.250000
[71] [DMA] Imag: (-1581), Real: (20)
[DMA] Resulting frequency is about 481.250000
[72] [DMA] Imag: (985), Real: (-1315)
[DMA] Resulting frequency is about 481.250000
[73] [DMA] Imag: (-2211), Real: (-566)
[DMA] Resulting frequency is about 481.250000
[74] [DMA] Imag: (405), Real: (-909)
[DMA] Resulting frequency is about 481.250000
[75] [DMA] Imag: (-728), Real: (586)
[DMA] Resulting frequency is about 481.250000
[76] [DMA] Imag: (582), Real: (-1055)
[DMA] Resulting frequency is about 481.250000
[77] [DMA] Imag: (-2273), Real: (1136)
[DMA] Resulting frequency is about 481.250000
[78] [DMA] Imag: (-211), Real: (-942)
[DMA] Resulting frequency is about 481.250000
[79] [DMA] Imag: (2255), Real: (-554)
[DMA] Resulting frequency is about 481.250000
[80] [DMA] Imag: (1670), Real: (-1118)
[DMA] Resulting frequency is about 481.250000
[81] [DMA] Imag: (2331), Real: (-1519)
[DMA] Resulting frequency is about 481.250000
[82] [DMA] Imag: (-8479), Real: (-916)
[DMA] Resulting frequency is about 481.250000
[83] [DMA] Imag: (710), Real: (737)
[DMA] Resulting frequency is about 481.250000
[84] [DMA] Imag: (159), Real: (1790)
[DMA] Resulting frequency is about 481.250000
[85] [DMA] Imag: (-969), Real: (706)
[DMA] Resulting frequency is about 481.250000
[86] [DMA] Imag: (-425), Real: (610)
[DMA] Resulting frequency is about 481.250000
[87] [DMA] Imag: (-998), Real: (-975)
[DMA] Resulting frequency is about 481.250000
[88] [DMA] Imag: (-999), Real: (7)
[DMA] Resulting frequency is about 481.250000
[89] [DMA] Imag: (-570), Real: (307)
[DMA] Resulting frequency is about 481.250000
[90] [DMA] Imag: (-2655), Real: (404)
[DMA] Resulting frequency is about 481.250000
[91] [DMA] Imag: (1112), Real: (-387)
[DMA] Resulting frequency is about 481.250000
[92] [DMA] Imag: (-1669), Real: (-276)
[DMA] Resulting frequency is about 481.250000
[93] [DMA] Imag: (3147), Real: (742)
[DMA] Resulting frequency is about 481.250000
[94] [DMA] Imag: (251), Real: (-1777)
[DMA] Resulting frequency is about 481.250000
[95] [DMA] Imag: (-913), Real: (2146)
[DMA] Resulting frequency is about 481.250000
[96] [DMA] Imag: (1000), Real: (2188)
[DMA] Resulting frequency is about 481.250000
[97] [DMA] Imag: (-264), Real: (-1815)
[DMA] Resulting frequency is about 481.250000
[98] [DMA] Imag: (1382), Real: (991)
[DMA] Resulting frequency is about 481.250000
[99] [DMA] Imag: (2915), Real: (-527)
[DMA] Resulting frequency is about 481.250000
[100] [DMA] Imag: (1944), Real: (-180)
[DMA] Resulting frequency is about 481.250000
[101] [DMA] Imag: (2350), Real: (200)
[DMA] Resulting frequency is about 481.250000
[102] [DMA] Imag: (710), Real: (456)
[DMA] Resulting frequency is about 481.250000
[103] [DMA] Imag: (980), Real: (-143)
[DMA] Resulting frequency is about 481.250000
[104] [DMA] Imag: (1046), Real: (-844)
[DMA] Resulting frequency is about 481.250000
[105] [DMA] Imag: (812), Real: (482)
[DMA] Resulting frequency is about 481.250000
[106] [DMA] Imag: (403), Real: (926)
[DMA] Resulting frequency is about 481.250000
[107] [DMA] Imag: (1066), Real: (1569)
[DMA] Resulting frequency is about 481.250000
[108] [DMA] Imag: (374), Real: (984)
[DMA] Resulting frequency is about 481.250000
[109] [DMA] Imag: (-6417), Real: (-1165)
[DMA] Resulting frequency is about 481.250000
[110] [DMA] Imag: (-2410), Real: (-1455)
[DMA] Resulting frequency is about 481.250000
[111] [DMA] Imag: (-1582), Real: (-1184)
[DMA] Resulting frequency is about 481.250000
[112] [DMA] Imag: (-2169), Real: (-466)
[DMA] Resulting frequency is about 481.250000
[113] [DMA] Imag: (-54), Real: (-1030)
[DMA] Resulting frequency is about 481.250000
[114] [DMA] Imag: (-9), Real: (1378)
[DMA] Resulting frequency is about 481.250000
[115] [DMA] Imag: (426), Real: (-1297)
[DMA] Resulting frequency is about 481.250000
[116] [DMA] Imag: (1748), Real: (819)
[DMA] Resulting frequency is about 481.250000
[117] [DMA] Imag: (-1451), Real: (-1140)
[DMA] Resulting frequency is about 481.250000
[118] [DMA] Imag: (-2948), Real: (-455)
[DMA] Resulting frequency is about 481.250000
[119] [DMA] Imag: (-911), Real: (-1425)
[DMA] Resulting frequency is about 481.250000
[120] [DMA] Imag: (1384), Real: (190)
[DMA] Resulting frequency is about 481.250000
[121] [DMA] Imag: (1335), Real: (-177)
[DMA] Resulting frequency is about 481.250000
[122] [DMA] Imag: (1014), Real: (286)
[DMA] Resulting frequency is about 481.250000
[123] [DMA] Imag: (-2540), Real: (-253)
[DMA] Resulting frequency is about 481.250000
[124] [DMA] Imag: (-797), Real: (-59)
[DMA] Resulting frequency is about 481.250000
[125] [DMA] Imag: (324), Real: (-466)
[DMA] Resulting frequency is about 481.250000
[126] [DMA] Imag: (728), Real: (1826)
[DMA] Resulting frequency is about 481.250000
[127] [DMA] Imag: (-820), Real: (1928)
[DMA] Resulting frequency is about 481.250000
Starting CPU FFT on input: B3_samples_128
[DONE] CPU FFT Transformation Complete
@ mcycle = 189673
@ minstret = 47101
[0] [CPU] Imag: (0)  Real: (0)
[1] [CPU] Imag: (0)  Real: (0)
[2] [CPU] Imag: (0)  Real: (0)
[3] [CPU] Imag: (0)  Real: (0)
[4] [CPU] Imag: (0)  Real: (0)
[5] [CPU] Imag: (0)  Real: (0)
[6] [CPU] Imag: (0)  Real: (0)
[7] [CPU] Imag: (0)  Real: (0)
[8] [CPU] Imag: (0)  Real: (0)
[9] [CPU] Imag: (0)  Real: (0)
[10] [CPU] Imag: (0)  Real: (0)
[11] [CPU] Imag: (0)  Real: (0)
[12] [CPU] Imag: (0)  Real: (0)
[13] [CPU] Imag: (0)  Real: (0)
[14] [CPU] Imag: (0)  Real: (0)
[15] [CPU] Imag: (0)  Real: (0)
[16] [CPU] Imag: (0)  Real: (0)
[17] [CPU] Imag: (0)  Real: (0)
[18] [CPU] Imag: (0)  Real: (0)
[19] [CPU] Imag: (0)  Real: (0)
[20] [CPU] Imag: (0)  Real: (0)
[21] [CPU] Imag: (0)  Real: (0)
[22] [CPU] Imag: (0)  Real: (0)
[23] [CPU] Imag: (0)  Real: (0)
[24] [CPU] Imag: (0)  Real: (0)
[25] [CPU] Imag: (0)  Real: (0)
[26] [CPU] Imag: (0)  Real: (0)
[27] [CPU] Imag: (0)  Real: (0)
[28] [CPU] Imag: (0)  Real: (0)
[29] [CPU] Imag: (0)  Real: (0)
[30] [CPU] Imag: (0)  Real: (0)
[31] [CPU] Imag: (0)  Real: (0)
[32] [CPU] Imag: (0)  Real: (0)
[33] [CPU] Imag: (0)  Real: (0)
[34] [CPU] Imag: (0)  Real: (0)
[35] [CPU] Imag: (0)  Real: (0)
[36] [CPU] Imag: (0)  Real: (0)
[37] [CPU] Imag: (0)  Real: (0)
[38] [CPU] Imag: (0)  Real: (0)
[39] [CPU] Imag: (0)  Real: (0)
[40] [CPU] Imag: (0)  Real: (0)
[41] [CPU] Imag: (0)  Real: (0)
[42] [CPU] Imag: (0)  Real: (0)
[43] [CPU] Imag: (0)  Real: (0)
[44] [CPU] Imag: (0)  Real: (0)
[45] [CPU] Imag: (0)  Real: (0)
[46] [CPU] Imag: (0)  Real: (0)
[47] [CPU] Imag: (0)  Real: (0)
[48] [CPU] Imag: (0)  Real: (0)
[49] [CPU] Imag: (0)  Real: (0)
[50] [CPU] Imag: (0)  Real: (0)
[51] [CPU] Imag: (0)  Real: (0)
[52] [CPU] Imag: (0)  Real: (0)
[53] [CPU] Imag: (0)  Real: (0)
[54] [CPU] Imag: (0)  Real: (0)
[55] [CPU] Imag: (0)  Real: (0)
[56] [CPU] Imag: (0)  Real: (0)
[57] [CPU] Imag: (0)  Real: (0)
[58] [CPU] Imag: (0)  Real: (0)
[59] [CPU] Imag: (0)  Real: (0)
[60] [CPU] Imag: (0)  Real: (0)
[61] [CPU] Imag: (0)  Real: (0)
[62] [CPU] Imag: (0)  Real: (0)
[63] [CPU] Imag: (0)  Real: (0)
[64] [CPU] Imag: (0)  Real: (0)
[65] [CPU] Imag: (0)  Real: (0)
[66] [CPU] Imag: (0)  Real: (0)
[67] [CPU] Imag: (0)  Real: (0)
[68] [CPU] Imag: (0)  Real: (0)
[69] [CPU] Imag: (0)  Real: (0)
[70] [CPU] Imag: (0)  Real: (0)
[71] [CPU] Imag: (0)  Real: (0)
[72] [CPU] Imag: (0)  Real: (0)
[73] [CPU] Imag: (0)  Real: (0)
[74] [CPU] Imag: (0)  Real: (0)
[75] [CPU] Imag: (0)  Real: (0)
[76] [CPU] Imag: (0)  Real: (0)
[77] [CPU] Imag: (0)  Real: (0)
[78] [CPU] Imag: (0)  Real: (0)
[79] [CPU] Imag: (0)  Real: (0)
[80] [CPU] Imag: (0)  Real: (0)
[81] [CPU] Imag: (0)  Real: (0)
[82] [CPU] Imag: (0)  Real: (0)
[83] [CPU] Imag: (0)  Real: (0)
[84] [CPU] Imag: (0)  Real: (0)
[85] [CPU] Imag: (0)  Real: (0)
[86] [CPU] Imag: (0)  Real: (0)
[87] [CPU] Imag: (0)  Real: (0)
[88] [CPU] Imag: (0)  Real: (0)
[89] [CPU] Imag: (0)  Real: (0)
[90] [CPU] Imag: (0)  Real: (0)
[91] [CPU] Imag: (0)  Real: (0)
[92] [CPU] Imag: (0)  Real: (0)
[93] [CPU] Imag: (0)  Real: (0)
[94] [CPU] Imag: (0)  Real: (0)
[95] [CPU] Imag: (0)  Real: (0)
[96] [CPU] Imag: (0)  Real: (0)
[97] [CPU] Imag: (0)  Real: (0)
[98] [CPU] Imag: (0)  Real: (0)
[99] [CPU] Imag: (0)  Real: (0)
[100] [CPU] Imag: (0)  Real: (0)
[101] [CPU] Imag: (0)  Real: (0)
[102] [CPU] Imag: (0)  Real: (0)
[103] [CPU] Imag: (0)  Real: (0)
[104] [CPU] Imag: (0)  Real: (0)
[105] [CPU] Imag: (0)  Real: (0)
[106] [CPU] Imag: (0)  Real: (0)
[107] [CPU] Imag: (0)  Real: (0)
[108] [CPU] Imag: (0)  Real: (0)
[109] [CPU] Imag: (0)  Real: (0)
[110] [CPU] Imag: (0)  Real: (0)
[111] [CPU] Imag: (0)  Real: (0)
[112] [CPU] Imag: (0)  Real: (0)
[113] [CPU] Imag: (0)  Real: (0)
[114] [CPU] Imag: (0)  Real: (0)
[115] [CPU] Imag: (0)  Real: (0)
[116] [CPU] Imag: (0)  Real: (0)
[117] [CPU] Imag: (0)  Real: (0)
[118] [CPU] Imag: (0)  Real: (0)
[119] [CPU] Imag: (0)  Real: (0)
[120] [CPU] Imag: (0)  Real: (0)
[121] [CPU] Imag: (0)  Real: (0)
[122] [CPU] Imag: (0)  Real: (0)
[123] [CPU] Imag: (0)  Real: (0)
[124] [CPU] Imag: (0)  Real: (0)
[125] [CPU] Imag: (0)  Real: (0)
[126] [CPU] Imag: (0)  Real: (0)
[127] [CPU] Imag: (0)  Real: (0)
Resulting frequency is about 0.000000
[DONE TEST]